> Task :app:preBuild UP-TO-DATE
> Task :app:preAppDebugBuild UP-TO-DATE
> Task :app:mergeAppDebugNativeDebugMetadata NO-SOURCE
> Task :app:checkKotlinGradlePluginConfigurationErrors SKIPPED
> Task :app:dataBindingMergeDependencyArtifactsAppDebug UP-TO-DATE
> Task :app:generateAppDebugResources UP-TO-DATE
> Task :app:processAppDebugGoogleServices UP-TO-DATE
> Task :modules:book:preBuild UP-TO-DATE
> Task :modules:book:preDebugBuild UP-TO-DATE
> Task :modules:book:generateDebugResources UP-TO-DATE
> Task :modules:book:packageDebugResources UP-TO-DATE
> Task :modules:rhino:preBuild UP-TO-DATE
> Task :modules:rhino:preDebugBuild UP-TO-DATE
> Task :modules:rhino:generateDebugResources UP-TO-DATE
> Task :modules:rhino:packageDebugResources UP-TO-DATE
> Task :app:mergeAppDebugResources UP-TO-DATE
> Task :app:packageAppDebugResources UP-TO-DATE
> Task :modules:book:processDebugNavigationResources UP-TO-DATE
> Task :modules:rhino:processDebugNavigationResources UP-TO-DATE
> Task :app:processAppDebugNavigationResources UP-TO-DATE
> Task :app:parseAppDebugLocalResources UP-TO-DATE
> Task :modules:book:parseDebugLocalResources UP-TO-DATE
> Task :modules:book:generateDebugRFile UP-TO-DATE
> Task :modules:rhino:parseDebugLocalResources UP-TO-DATE
> Task :modules:rhino:generateDebugRFile UP-TO-DATE
> Task :app:dataBindingGenBaseClassesAppDebug UP-TO-DATE
> Task :app:generateAppDebugBuildConfig UP-TO-DATE
> Task :modules:book:writeDebugAarMetadata UP-TO-DATE
> Task :modules:rhino:writeDebugAarMetadata UP-TO-DATE
> Task :app:checkAppDebugAarMetadata UP-TO-DATE
> Task :app:compileAppDebugNavigationResources UP-TO-DATE
> Task :app:mapAppDebugSourceSetPaths UP-TO-DATE
> Task :app:createAppDebugCompatibleScreenManifests UP-TO-DATE
> Task :app:extractDeepLinksAppDebug UP-TO-DATE
> Task :modules:book:extractDeepLinksDebug UP-TO-DATE
> Task :modules:book:processDebugManifest UP-TO-DATE
> Task :modules:rhino:extractDeepLinksDebug UP-TO-DATE
> Task :modules:rhino:processDebugManifest UP-TO-DATE
> Task :app:processAppDebugMainManifest UP-TO-DATE
> Task :app:processAppDebugManifest UP-TO-DATE
> Task :app:processAppDebugManifestForPackage UP-TO-DATE
> Task :modules:book:compileDebugLibraryResources UP-TO-DATE
> Task :modules:rhino:compileDebugLibraryResources UP-TO-DATE
> Task :app:processAppDebugResources UP-TO-DATE
> Task :modules:book:checkKotlinGradlePluginConfigurationErrors SKIPPED
> Task :modules:book:compileDebugKotlin NO-SOURCE
> Task :modules:book:javaPreCompileDebug UP-TO-DATE
> Task :modules:book:compileDebugJavaWithJavac UP-TO-DATE
> Task :modules:book:bundleLibCompileToJarDebug UP-TO-DATE
> Task :modules:rhino:checkKotlinGradlePluginConfigurationErrors SKIPPED
> Task :modules:rhino:compileDebugKotlin UP-TO-DATE
> Task :modules:rhino:javaPreCompileDebug UP-TO-DATE
> Task :modules:rhino:compileDebugJavaWithJavac NO-SOURCE
> Task :modules:rhino:bundleLibCompileToJarDebug UP-TO-DATE
> Task :app:javaPreCompileAppDebug UP-TO-DATE
> Task :app:generateAppDebugAssets UP-TO-DATE
> Task :modules:book:generateDebugAssets UP-TO-DATE
> Task :modules:book:mergeDebugAssets UP-TO-DATE
> Task :modules:rhino:generateDebugAssets UP-TO-DATE
> Task :modules:rhino:mergeDebugAssets UP-TO-DATE
> Task :app:mergeAppDebugAssets UP-TO-DATE
> Task :app:compressAppDebugAssets UP-TO-DATE
> Task :app:l8DexDesugarLibAppDebug UP-TO-DATE
> Task :modules:book:bundleLibRuntimeToJarDebug UP-TO-DATE
> Task :modules:rhino:bundleLibRuntimeToJarDebug UP-TO-DATE
> Task :app:desugarAppDebugFileDependencies UP-TO-DATE
> Task :modules:book:processDebugJavaRes UP-TO-DATE
> Task :modules:rhino:processDebugJavaRes UP-TO-DATE
> Task :app:checkAppDebugDuplicateClasses UP-TO-DATE
> Task :app:mergeExtDexAppDebug UP-TO-DATE
> Task :app:mergeLibDexAppDebug UP-TO-DATE
> Task :app:mergeAppDebugJniLibFolders UP-TO-DATE
> Task :modules:book:mergeDebugJniLibFolders UP-TO-DATE
> Task :modules:book:mergeDebugNativeLibs NO-SOURCE
> Task :modules:book:copyDebugJniLibsProjectOnly UP-TO-DATE
> Task :modules:rhino:mergeDebugJniLibFolders UP-TO-DATE
> Task :modules:rhino:mergeDebugNativeLibs NO-SOURCE
> Task :modules:rhino:copyDebugJniLibsProjectOnly UP-TO-DATE
> Task :app:mergeAppDebugNativeLibs UP-TO-DATE
> Task :app:stripAppDebugDebugSymbols UP-TO-DATE
> Task :app:validateSigningAppDebug UP-TO-DATE
> Task :app:writeAppDebugAppMetadata UP-TO-DATE
> Task :app:writeAppDebugSigningConfigVersions UP-TO-DATE
> Task :modules:book:checkDebugAarMetadata UP-TO-DATE
> Task :modules:book:stripDebugDebugSymbols NO-SOURCE
> Task :modules:book:copyDebugJniLibsProjectAndLocalJars UP-TO-DATE
> Task :modules:book:extractDebugAnnotations UP-TO-DATE
> Task :modules:book:extractDeepLinksForAarDebug UP-TO-DATE
> Task :modules:book:mergeDebugGeneratedProguardFiles UP-TO-DATE
> Task :modules:book:mergeDebugConsumerProguardFiles UP-TO-DATE
> Task :modules:book:prepareDebugArtProfile UP-TO-DATE
> Task :modules:book:prepareLintJarForPublish UP-TO-DATE
> Task :modules:book:mergeDebugJavaResource UP-TO-DATE
> Task :modules:book:syncDebugLibJars UP-TO-DATE
> Task :modules:book:bundleDebugAar UP-TO-DATE
> Task :modules:book:assembleDebug UP-TO-DATE
> Task :modules:rhino:checkDebugAarMetadata UP-TO-DATE
> Task :modules:rhino:stripDebugDebugSymbols NO-SOURCE
> Task :modules:rhino:copyDebugJniLibsProjectAndLocalJars UP-TO-DATE
> Task :modules:rhino:extractDebugAnnotations UP-TO-DATE
> Task :modules:rhino:extractDeepLinksForAarDebug UP-TO-DATE
> Task :modules:rhino:mergeDebugGeneratedProguardFiles UP-TO-DATE
> Task :modules:rhino:mergeDebugConsumerProguardFiles UP-TO-DATE
> Task :modules:rhino:prepareDebugArtProfile UP-TO-DATE
> Task :modules:rhino:prepareLintJarForPublish UP-TO-DATE
> Task :modules:rhino:mergeDebugJavaResource UP-TO-DATE
> Task :modules:rhino:syncDebugLibJars UP-TO-DATE
> Task :modules:rhino:bundleDebugAar UP-TO-DATE
> Task :modules:rhino:assembleDebug UP-TO-DATE
> Task :app:kspAppDebugKotlin
e: [ksp] C:/Users/Admin/Downloads/VBOOK/legado-qt/legado-master/app/src/main/java/io/legado/app/data/AppDatabase.kt:113: [MissingType]: Element 'Book' references a type that is not present
e: [ksp] C:/Users/Admin/Downloads/VBOOK/legado-qt/legado-master/app/src/main/java/io/legado/app/data/entities/Book.kt:38: [MissingType]: Element 'io.legado.app.data.entities.Book' references a type that is not present
e: [ksp] C:/Users/Admin/Downloads/VBOOK/legado-qt/legado-master/app/src/main/java/io/legado/app/data/entities/SearchBook.kt:30: [MissingType]: Element 'io.legado.app.data.entities.SearchBook' references a type that is not present
e: [ksp] C:/Users/Admin/Downloads/VBOOK/legado-qt/legado-master/app/src/main/java/io/legado/app/data/dao/BookDao.kt:146: [MissingType]: Element 'Book' references a type that is not present
e: [ksp] C:/Users/Admin/Downloads/VBOOK/legado-qt/legado-master/app/src/main/java/io/legado/app/data/dao/BookDao.kt:152: [MissingType]: Element 'Book' references a type that is not present
e: [ksp] C:/Users/Admin/Downloads/VBOOK/legado-qt/legado-master/app/src/main/java/io/legado/app/data/dao/BookDao.kt:149: [MissingType]: Element 'Book' references a type that is not present
e: [ksp] androidx.room.RoomKspProcessor was unable to process 'io.legado.app.data.AppDatabase' because not all of its dependencies could be resolved. Check for compilation errors or a circular dependency with generated code.

> Task :app:kspAppDebugKotlin FAILED
> Task :app:copyRoomSchemas NO-SOURCE
./gradlew : 
At line:1 char:1
+ ./gradlew assembleDebug 
2>&1 | Out-File -FilePath 
build_output.txt; G ...
+ 
~~~~~~~~~~~~~~~~~~~~~~~~~~~~
    + CategoryInfo           
   : NotSpecified: (:String  
  ) [], RemoteException
    + FullyQualifiedErrorId  
   : NativeCommandError
 
FAILURE: Build failed with 
an exception.

* What went wrong:
Execution failed for task 
':app:kspAppDebugKotlin'.
> A failure occurred while 
executing com.google.devtools
.ksp.gradle.KspAAWorkerAction
   > KSP failed with exit 
code: PROCESSING_ERROR

* Try:
> Run with --stacktrace 
option to get the stack 
trace.
> Run with --info or --debug 
option to get more log 
output.
> Run with --scan to get 
full insights.
> Get more help at 
https://help.gradle.org.

BUILD FAILED in 37s
89 actionable tasks: 1 executed, 88 up-to-date
